// Jest Snapshot v1, https://goo.gl/fbAQLP

exports[`Accordion should render properly with ref prop 1`] = `
<DocumentFragment>
  <div
    class="carousel"
  >
    <div
      class="carousel__container"
      style="transform: translateZ(0px) rotateY(0deg);"
    >
      <div
        class="carousel__slide"
        style="opacity: 1; transform: rotateY(0deg) translateZ(0px);"
      >
        <img
          alt="A random Unsplash photo"
          src="https://picsum.photos/210"
        />
        <div
          class="carousel__slide-overlay"
        >
          <div>
            <strong>
              Round Carousel
            </strong>
            <span>
              Slide number 1
            </span>
          </div>
        </div>
      </div>
      <div
        class="carousel__slide"
        style="opacity: 1; transform: rotateY(180deg) translateZ(0px);"
      >
        <img
          alt="A random Unsplash photo"
          src="https://picsum.photos/211"
        />
        <div
          class="carousel__slide-overlay"
        >
          <div>
            <strong>
              Round Carousel
            </strong>
            <span>
              Slide number 2
            </span>
          </div>
        </div>
      </div>
    </div>
  </div>
  <div
    class="carousel__controls"
  >
    <button
      class="carousel__control carousel__control--prev"
    >
      Previous
    </button>
    <button
      class="carousel__control carousel__control--next"
    >
      Next
    </button>
  </div>
</DocumentFragment>
`;

exports[`Accordion should render properly with ref prop 2`] = `
<DocumentFragment>
  <div
    class="carousel"
  >
    <div
      class="carousel__container"
      style="transform: translateZ(0px) rotateY(0deg);"
    >
      <div
        class="carousel__slide"
        style="opacity: 1; transform: rotateY(0deg) translateZ(0px);"
      >
        <img
          alt="A random Unsplash photo"
          src="https://picsum.photos/210"
        />
        <div
          class="carousel__slide-overlay"
        >
          <div>
            <strong>
              Round Carousel
            </strong>
            <span>
              Slide number 1
            </span>
          </div>
        </div>
      </div>
      <div
        class="carousel__slide"
        style="opacity: 1; transform: rotateY(180deg) translateZ(0px);"
      >
        <img
          alt="A random Unsplash photo"
          src="https://picsum.photos/211"
        />
        <div
          class="carousel__slide-overlay"
        >
          <div>
            <strong>
              Round Carousel
            </strong>
            <span>
              Slide number 2
            </span>
          </div>
        </div>
      </div>
    </div>
  </div>
  <div
    class="carousel__controls"
  >
    <button
      class="carousel__control carousel__control--prev"
    >
      Previous
    </button>
    <button
      class="carousel__control carousel__control--next"
    >
      Next
    </button>
  </div>
</DocumentFragment>
`;

exports[`Accordion should render properly with ref prop 3`] = `
<DocumentFragment>
  <div
    class="carousel"
  >
    <div
      class="carousel__container"
      style="transform: translateZ(0px) rotateY(0deg);"
    >
      <div
        class="carousel__slide"
        style="opacity: 1; transform: rotateY(0deg) translateZ(0px);"
      >
        <img
          alt="A random Unsplash photo"
          src="https://picsum.photos/210"
        />
        <div
          class="carousel__slide-overlay"
        >
          <div>
            <strong>
              Round Carousel
            </strong>
            <span>
              Slide number 1
            </span>
          </div>
        </div>
      </div>
      <div
        class="carousel__slide"
        style="opacity: 1; transform: rotateY(180deg) translateZ(0px);"
      >
        <img
          alt="A random Unsplash photo"
          src="https://picsum.photos/211"
        />
        <div
          class="carousel__slide-overlay"
        >
          <div>
            <strong>
              Round Carousel
            </strong>
            <span>
              Slide number 2
            </span>
          </div>
        </div>
      </div>
    </div>
  </div>
  <div
    class="carousel__controls"
  >
    <button
      class="carousel__control carousel__control--prev"
    >
      Previous
    </button>
    <button
      class="carousel__control carousel__control--next"
    >
      Next
    </button>
  </div>
</DocumentFragment>
`;

exports[`Accordion should render properly without ref props 1`] = `
<DocumentFragment>
  <div
    class="carousel"
  >
    <div
      class="carousel__container"
      style="transform: translateZ(0px) rotateY(0deg);"
    >
      <div
        class="carousel__slide"
        style="opacity: 1; transform: rotateY(0deg) translateZ(0px);"
      >
        <img
          alt="A random Unsplash photo"
          src="https://picsum.photos/210"
        />
        <div
          class="carousel__slide-overlay"
        >
          <div>
            <strong>
              Round Carousel
            </strong>
            <span>
              Slide number 1
            </span>
          </div>
        </div>
      </div>
      <div
        class="carousel__slide"
        style="opacity: 1; transform: rotateY(180deg) translateZ(0px);"
      >
        <img
          alt="A random Unsplash photo"
          src="https://picsum.photos/211"
        />
        <div
          class="carousel__slide-overlay"
        >
          <div>
            <strong>
              Round Carousel
            </strong>
            <span>
              Slide number 2
            </span>
          </div>
        </div>
      </div>
    </div>
  </div>
  <div
    class="carousel__controls"
  >
    <button
      class="carousel__control carousel__control--prev"
    >
      Previous
    </button>
    <button
      class="carousel__control carousel__control--next"
    >
      Next
    </button>
  </div>
</DocumentFragment>
`;
